// Jest Snapshot v1, https://goo.gl/fbAQLP

exports[`App should match snapshot 1`] = `
<p>
  Count: 
  <button
    onClick={[Function]}
  >
    Increment
  </button>
</p>
`;
